keymaps 0-4
#
keycode 14 = Delete
		shift		keycode 14 = Remove
		altgr		keycode 14 = Escape
		shift	altgr	keycode	14 = F12
keycode 16 = q
		altgr		keycode	16 = one
		shift	altgr	keycode	16 = F1
keycode 17 = w
		altgr		keycode	17 = two
		shift	altgr	keycode	17 = F2
keycode 18 = e
		altgr		keycode	18 = three
		shift	altgr	keycode	18 = F3
keycode 19 = r
		altgr		keycode	19 = four
		shift	altgr	keycode	19 = F4
keycode 20 = t
		altgr		keycode	20 = five
		shift	altgr	keycode	20 = F5
keycode 21 = y
		altgr		keycode	21 = six
		shift	altgr	keycode	21 = F6
keycode 22 = u
		altgr		keycode	22 = seven
		shift	altgr	keycode	22 = F7
keycode 23 = i
		altgr		keycode	23 = eight
		shift	altgr	keycode	23 = F8
keycode 24 = o
		altgr		keycode	24 = nine
		shift	altgr	keycode	24 = F9
keycode 25 = p
		altgr		keycode	25 = zero
		shift	altgr	keycode	25 = F10
keycode 28 = Return
		altgr		keycode 28 = Tab
keycode 29 = Control
		altgr		keycode	29 = Compose
keycode 30 = a
		altgr		keycode	30 = asterisk
keycode 31 = s
		altgr		keycode	31 = plus
keycode 32 = d
		altgr		keycode	32 = numbersign
		shift	altgr	keycode	32 = percent
keycode 33 = f
		altgr		keycode	33 = minus
		shift	altgr	keycode	33 = asciitilde
keycode 34 = g
		altgr		keycode	34 = underscore
		shift	altgr	keycode	34 = bracketleft
keycode 35 = h
		altgr		keycode	35 = parenleft
		shift	altgr	keycode	35 = bracketright
keycode 36 = j
		altgr		keycode	36 = parenright
keycode 37 = k
		altgr		keycode	37 = ampersand
keycode 38 = l
		altgr		keycode	38 = exclam
		shift	altgr	keycode	38 = bar
keycode 42 = Shift
keycode 44 = z
		altgr		keycode	44 = sterling
keycode 45 = x
		altgr		keycode	45 = dollar
keycode 46 = c
		altgr		keycode	46 = euro
		shift	altgr	keycode 46 = asciitilde
keycode 47 = v
		altgr		keycode	47 = slash
		shift	altgr	keycode	47 = less
keycode 48 = b
		altgr		keycode	48 = backslash
		shift	altgr	keycode	48 = greater
keycode 49 = n
		altgr		keycode	49 = quotedbl
		shift	altgr	keycode	49 = braceleft
keycode 50 = m
		altgr		keycode	50 = apostrophe
		shift	altgr	keycode	50 = braceright
keycode 51 = comma
		shift		keycode 51 = semicolon
		altgr		keycode 51 = equal
		shift	altgr	keycode	51 = F11
keycode 52 = period
		shift		keycode	52 = colon
		altgr		keycode	52 = question
keycode 57 = space
		shift		keycode	57 = Tab
		altgr		keycode	57 = at
keycode 65 = Meta_b
		shift		keycode 65 = Meta_y
		altgr		keycode 65 = Decr_Console
keycode 66 = Meta_f
		shift		keycode 66 = Meta_r
		altgr		keycode 66 = Incr_Console
keycode 100 = AltGr
keycode 103 = Up
		altgr		keycode 103 = Prior
		shift		keycode 103 = Scroll_Backward
		shift	altgr	keycode 103 = Scroll_Backward
keycode 105 = Left
		altgr		keycode	105 = Home
keycode 106 = Right
		altgr		keycode	106 = End
keycode 108 = Down
		altgr		keycode 108 = Next
		shift		keycode 108 = Scroll_Forward
		shift	altgr	keycode 108 = Scroll_Forward
compose '(' '(' to '['
compose ')' ')' to ']'
